// Jest Snapshot v1, https://goo.gl/fbAQLP

exports[`RepositoryReleasesTagsPage renders 1`] = `
<div
  className="repository-releases-page"
>
  <PageTitle
    title="Tags"
  />
  <FilteredConnection
    autoFocus={true}
    className="my-3"
    defaultFirst={20}
    history="[History]"
    listClassName="list-group list-group-flush"
    location="[Location path=/]"
    nodeComponent={[Function]}
    noun="tag"
    pluralNoun="tags"
    queryConnection={[Function]}
    useURLQuery={true}
  />
</div>
`;
