// Jest Snapshot v1, https://goo.gl/fbAQLP

exports[`LinkOrSpan render a link when "to" is set 1`] = `
<LinkOrSpan
  to="http://example.com"
>
  <AnchorLink
    className=""
    to="http://example.com"
  >
    <a
      className=""
      href="http://example.com"
    >
      foo
    </a>
  </AnchorLink>
</LinkOrSpan>
`;

exports[`LinkOrSpan render a span when "to" is undefined 1`] = `
<LinkOrSpan>
  <span
    className=""
  >
    foo
  </span>
</LinkOrSpan>
`;
