// Jest Snapshot v1, https://goo.gl/fbAQLP

exports[`Markdown renders 1`] = `
<Markdown
  dangerousInnerHTML="hello"
  history="[History]"
>
  <div
    className="markdown"
    dangerouslySetInnerHTML={
      Object {
        "__html": "hello",
      }
    }
    onClick={[Function]}
  />
</Markdown>
`;
